[2025-10-18T20:46:25.1561057] CUSTOMER_REGISTERED | b30da40b | Alice Johnson
[2025-10-18T20:46:25.1651064] CUSTOMER_REGISTERED | e5f8d41c | Bob Khan
[2025-10-18T20:46:25.1661042] CUSTOMER_REGISTERED | be9a8948 | Carol Lee
[2025-10-18T20:46:25.1691083] ACCOUNT_CREATED | 9e219c9d | Savings | Owner:Alice Johnson
[2025-10-18T20:46:25.1701048] ACCOUNT_CREATED | ecda7ccd | Checking | Owner:Alice Johnson
[2025-10-18T20:46:25.1711044] ACCOUNT_CREATED | 33529979 | Savings | Owner:Bob Khan
[2025-10-18T20:46:25.1711044] ACCOUNT_CREATED | e58c6b07 | Checking | Owner:Carol Lee
[2025-10-18T20:46:25.1721042] SAMPLE DATA INITIALIZED
[2025-10-18T21:06:33.6342742] CUSTOMER_REGISTERED | 23c745d2 | Alice Johnson
[2025-10-18T21:06:33.635273] CUSTOMER_REGISTERED | cb39dfab | Bob Khan
[2025-10-18T21:06:33.6392754] CUSTOMER_REGISTERED | 90f70712 | Carol Lee
[2025-10-18T21:06:33.6412759] ACCOUNT_CREATED | 681e6c8e | Savings | Owner:Alice Johnson
[2025-10-18T21:06:33.6422753] ACCOUNT_CREATED | 59a34897 | Checking | Owner:Alice Johnson
[2025-10-18T21:06:33.6432744] ACCOUNT_CREATED | 571015d5 | Savings | Owner:Bob Khan
[2025-10-18T21:06:33.6432744] ACCOUNT_CREATED | d382094e | Checking | Owner:Carol Lee
[2025-10-18T21:06:33.6442746] SAMPLE DATA INITIALIZED
[2025-10-18T21:13:19.1049355] CUSTOMER_REGISTERED | 005c385e-307c-4b4a-ad9a-86bb42d3ef36 | Alice Johnson
[2025-10-18T21:13:19.1069351] CUSTOMER_REGISTERED | b6733720-2cd8-4b95-9764-e1a5bbf9c247 | Bob Khan
[2025-10-18T21:13:19.1079364] CUSTOMER_REGISTERED | 0e48bd18-98f1-46a9-ada8-40bd54959347 | Carol Lee
[2025-10-18T21:13:19.1099364] ACCOUNT_CREATED | 3df8f875-1984-4e91-b23a-348a9f0607bc | Savings | Owner:Alice Johnson
[2025-10-18T21:13:19.1109373] ACCOUNT_CREATED | f8839693-245f-4368-ba2e-fd99fabb1809 | Checking | Owner:Alice Johnson
[2025-10-18T21:13:19.1109373] ACCOUNT_CREATED | f9cbe0b5-21d3-4e79-a2aa-948741d78747 | Savings | Owner:Bob Khan
[2025-10-18T21:13:19.1119364] ACCOUNT_CREATED | 268979d7-3322-4ebc-bf76-5decb9162d03 | Checking | Owner:Carol Lee
[2025-10-18T21:13:19.1119364] SAMPLE DATA INITIALIZED
[2025-10-18T21:14:55.3559888] DEPOSIT | 5000.0 | ACC:268979d7-3322-4ebc-bf76-5decb9162d03
[2025-10-18T21:15:30.2750942] TRANSFER | 50.0 | FROM:268979d7-3322-4ebc-bf76-5decb9162d03 TO:268979d7-3322-4ebc-bf76-5decb9162d03
[2025-10-18T21:19:28.0547118] WITHDRAW | 59.0 | ACC:268979d7-3322-4ebc-bf76-5decb9162d03
